
> petalpath@0.1.0 build
> next build

node.exe : ΓÜá Warning: 
Next.js inferred your 
workspace root, but it 
may not be correct.
At line:1 char:1
+ & "C:\Program 
Files\nodejs/node.exe" 
"C:\Program 
Files\nodejs/node_mo ...
+ ~~~~~~~~~~~~~~~~~~~~~~~~
~~~~~~~~~~~~~~~~~~~~~~~~~~
~~~~~~~~~~~~~~~~~~~
    + CategoryInfo        
      : NotSpecified: (Γ  
  Üá Warning: Ne...not    
 be correct.:String) [    
], RemoteException
    + FullyQualifiedError 
   Id : NativeCommandErr  
  or
 
 We detected multiple 
lockfiles and selected 
the directory of 
D:\petalpath\bun.lock as 
the root directory.
 To silence this warning, 
set `turbopack.root` in 
your Next.js config, or 
consider removing one of 
the lockfiles if it's not 
needed.
   See https://nextjs.org/
docs/app/api-reference/con
fig/next-config-js/turbopa
ck#root-directory for 
more information.
 Detected additional 
lockfiles: 
   * D:\petalpath\NEW_APP\
package-lock.json

Γû▓ Next.js 16.1.6 (Turbopack)
- Environments: .env.local, .env

ΓÜá The "middleware" file 
convention is deprecated. 
Please use "proxy" 
instead. Learn more: https
://nextjs.org/docs/message
s/middleware-to-proxy
  Creating an optimized production build ...
Γ£ô Compiled successfully in 11.3s
  Running TypeScript ...
  Collecting page data using 19 workers ...
  Generating static pages using 19 workers (0/31) ...
  Generating static pages using 19 workers (7/31) 
  Generating static pages using 19 workers (15/31) 
  Generating static pages using 19 workers (23/31) 
Γ£ô Generating static pages using 19 workers (31/31) in 1103.0ms
  Finalizing page optimization ...

Route (app)
Γöî Γùï /
Γö£ Γùï /_not-found
Γö£ Γùï /admin
Γö£ Γùï /admin/content
Γö£ Γùï /admin/upload
Γö£ ╞Æ /api/activity-results
Γö£ ╞Æ /api/admin/stats
Γö£ ╞Æ /api/admin/videos
Γö£ ╞Æ /api/admin/videos/[id]
Γö£ ╞Æ /api/auth/signout
Γö£ ╞Æ /api/curriculum-progress
Γö£ ╞Æ /api/learning-path
Γö£ ╞Æ /api/learning-path/[id]
Γö£ ╞Æ /api/next-video
Γö£ ╞Æ /api/progress
Γö£ ╞Æ /api/recommendations
Γö£ ╞Æ /api/sessions
Γö£ ╞Æ /api/upload
Γö£ ╞Æ /api/videos
Γö£ Γùï /child
Γö£ Γùï /child/discover
Γö£ Γùï /child/session
Γö£ Γùï /dashboard
Γö£ Γùï /dashboard/children
Γö£ Γùï /dashboard/progress
Γö£ Γùï /login
Γö£ Γùï /login/admin
Γö£ Γùï /login/child
Γö£ Γùï /login/parent
Γö£ Γùï /signup
Γöö Γùï /signup/admin


╞Æ Proxy (Middleware)

Γùï  (Static)   prerendered as static content
╞Æ  (Dynamic)  server-rendered on demand

